# chi_zz(q) T=0 gate: 4x2 nup=3 ndn=3 U=4.0 tam=0.0 t1=0.0 tp=0.0  (bp=20, dt=0.01, window tau<=0.20)
 q=(kx,ky)  ED chi_win   CPMC chi      +/-      z    ED C(0)  CPMC C(0)
  (0,0)        0.0000    -0.0000   0.0000   3.11     0.0000    -0.0000
  (0,1)        0.0381     0.0361   0.0003   7.54     0.2487     0.2434
  (1,0)        0.0122     0.0118   0.0000  31.45     0.0720     0.0704
  (1,1)        0.0364     0.0345   0.0002  12.41     0.2453     0.2401
  (2,0)        0.0097     0.0095   0.0000   8.63     0.0678     0.0673
  (2,1)        0.0321     0.0315   0.0002   3.51     0.2313     0.2318
  (3,0)        0.0122     0.0118   0.0000  31.45     0.0720     0.0704
  (3,1)        0.0364     0.0345   0.0002  12.41     0.2453     0.2401

  TRANSVERSE chi_pm(q)  [SU(2) check: chi_pm = 2 chi_zz at tam=t1=0]
 q=(kx,ky)   ED pm_win    CPMC pm      +/-   ED Cpm(0) CPMC Cpm(0)
  (0,0)        0.0000     0.0001   0.0002      0.0000      0.0009
  (0,1)        0.0762     0.0723   0.0002      0.4974      0.4898
  (1,0)        0.0244     0.0234   0.0001      0.1439      0.1401
  (1,1)        0.0729     0.0689   0.0002      0.4905      0.4808
  (2,0)        0.0193     0.0188   0.0002      0.1355      0.1328
  (2,1)        0.0643     0.0625   0.0002      0.4627      0.4618
  (3,0)        0.0244     0.0234   0.0001      0.1439      0.1401
  (3,1)        0.0729     0.0689   0.0002      0.4905      0.4808

PASS: 16/16 q-points (zz + pm) within max(3.0 sigma, 10% ED)  [chi window 0..0.20]
(pi,pi) cross-check vs validate_chi convention: N*chi_q = 0.2521 (ED windowed 0.2571, ED full 0.5147)
wrote results/chi_spin_bench/pm_4x2_U4_cs.json
